End To End ML Project
Set up Project With Github
1. Data Ingestion
2. Data Transformation
3. Model Trainer
4. Model1 Evaluation
5. Model Deployment
CI/CD Pipelines- Github Actions
Deployment- AWS


=========================day1======================
Agenda
1- Set up the github {Repository}
a)new environment
b)setup.py
c)requirements.txt



Creat ENV
>conda create -p venv python== 3.8 -y

conda activate venv/



git init
git add README.md   -- where u write discriptions
Run

  git config --global user.email "subbaraoballipale@gmail.com"
  git config --global user.name "subbarao"
  
  
  F:\ML_PROJECTS>git initgit init

F:\ML_PROJECTS>

F:\ML_PROJECTS>git init
Initialized empty Git repository in F:/ML_PROJECTS/.git/

F:\ML_PROJECTS>git add README.md

F:\ML_PROJECTS>git commit -m "first commit
Author identity unknown

*** Please tell me who you are.

Run===============================SET UP GIT & FIRST COMMIT & PUSH CODE===========================

  git config --global user.email "you@example.com"
  git config --global user.name "Your Name"

to set your account's default identity.
Omit --global to set the identity only in this repository.

fatal: unable to auto-detect email address (got 'Dell@DESKTOP-MBVCP4E.(none)')

F:\ML_PROJECTS>git commit -m "first commit 

F:\ML_PROJECTS>git commit -m "first commit
[master (root-commit) 5d5ef8a] first commit
 1 file changed, 1 insertion(+)
 create mode 100644 README.md

F:\ML_PROJECTS>git branch -M main

F:\ML_PROJECTS>git remote add origin https://github.com/subbaraoballipale/mlproject.git

F:\ML_PROJECTS>git remote -v
origin  https://github.com/subbaraoballipale/mlproject.git (fetch)
origin  https://github.com/subbaraoballipale/mlproject.git (push)

F:\ML_PROJECTS>git push -u origin main

Unhandled Exception: System.ComponentModel.Win32Exception: Invalid window handle
   at MS.Win32.ManagedWndProcTracker.HookUpDefWindowProc(IntPtr hwnd)
   at MS.Win32.ManagedWndProcTracker.OnAppDomainProcessExit()
   at MS.Internal.ShutDownListener.HandleShutDown(Object sender, EventArgs e)
info: please complete authentication in your browser...
Enumerating objects: 3, done.
Counting objects: 100% (3/3), done.
Writing objects: 100% (3/3), 232 bytes | 232.00 KiB/s, done.
Total 3 (delta 0), reused 0 (delta 0), pack-reused 0
To https://github.com/subbaraoballipale/mlproject.git
 * [new branch]      main -> main
branch 'main' set up to track 'origin/main'.

==================================================================================

